// Jest Snapshot v1, https://goo.gl/fbAQLP

exports[`Transaction Scene Should match snapshot 1`] = `
ShallowWrapper {
  Symbol(enzyme.__root__): [Circular],
  Symbol(enzyme.__unrendered__): <TransactionsSceneWrapper
    context={
      Object {
        "publicKey": "1234567890",
      }
    }
  />,
  Symbol(enzyme.__renderer__): Object {
    "batchedUpdates": [Function],
    "getNode": [Function],
    "render": [Function],
    "simulateError": [Function],
    "simulateEvent": [Function],
    "unmount": [Function],
  },
  Symbol(enzyme.__node__): Object {
    "instance": null,
    "key": undefined,
    "nodeType": "class",
    "props": Object {
      "children": Array [
        <NavigationHeader
          leftButton={
            <SyncButton
              loading={true}
              onPress={[Function]}
            />
          }
          title="transactions.title"
        />,
        <FlatList
          ListEmptyComponent={
            <Empty
              loading={true}
            />
          }
          ListHeaderComponent={[Function]}
          data={
            Array [
              Object {
                "__v": 0,
                "_id": "5bd6239b1f0a0b22ba49101b",
                "block": Object {
                  "hash": "79449C2E34CEFC3A9AFDC45281049971370B38C2E985EB99B65EEBC1FC1751CF",
                  "number": 3602920,
                  "parentHash": "000000000036F9E7665918E22475FB8900198BCF9FA47BA429C8BC5E536CD8F2",
                  "witnessId": 0,
                },
                "contractType": 4,
                "createdAt": "2018-10-28T21:01:15.974Z",
                "data": " Sent with @TronWalletMe",
                "hash": "66926d060aa3c007fa964f551a4aabac4735fcaf10026f5eb52c3e9353896245",
                "ownerAddress": "TEudeMDDqGmtcrzE9NNtnEsemy1CupEBzg",
                "support": false,
                "time": 562453267152,
                "type": "Vote",
                "updatedAt": "2018-10-28T21:01:15.974Z",
                "votesList": Array [
                  Object {
                    "voteAddress": "TE7hnUtWRRBz3SkFrX8JESWUmEvxxAhoPt",
                    "voteCount": 5,
                  },
                ],
              },
              Object {
                "__v": 0,
                "_id": "5bd6236e1f0a0b22ba490f1c",
                "block": Object {
                  "hash": "7E64D1DE3865E7C68C4AC7B1F750C87DCE4E892F63D29C40740CAAD1821A32BE",
                  "number": 3602905,
                  "parentHash": "000000000036F9D827A1F4DF31674FA27663EB34EBA1C6634E116B109D9A0C6B",
                  "witnessId": 0,
                },
                "contractType": 11,
                "createdAt": "2018-10-28T21:00:30.930Z",
                "data": " Sent with @TronWalletMe",
                "frozenBalance": 5000000,
                "frozenDuration": 3,
                "hash": "4b0bedff10c5435d665f61849ed15d7823b77428de16cf1f92865155903d86c4",
                "ownerAddress": "TEudeMDDqGmtcrzE9NNtnEsemy1CupEBzg",
                "resource": 0,
                "time": 562453221703,
                "type": "Freeze",
                "updatedAt": "2018-10-28T21:00:30.930Z",
              },
              Object {
                "__v": 0,
                "_id": "5bd6235c1f0a0b22ba490e66",
                "amount": 1,
                "assetName": "NBACoin",
                "block": Object {
                  "hash": "CF4C6BD1C29061795B786B39500E1BD079E4B69DF16D18CC0EDFBAB07FCD7047",
                  "number": 3602899,
                  "parentHash": "000000000036F9D2CE7EBCD36D09521E5180D88A0F78BC5AC2B0917ACF7F3EC9",
                  "witnessId": 0,
                },
                "contractType": 1,
                "createdAt": "2018-10-28T21:00:12.906Z",
                "data": "",
                "hash": "a7e4f1ec64b7919d6bc4a191e9a7d1a94ef12f4ef6a0eba7b7f647ab2e57331f",
                "ownerAddress": "TBHq3S4A8gyZnaa7dXF7TzXDsP2rkU1pqa",
                "time": 1540760406560,
                "toAddress": "TEudeMDDqGmtcrzE9NNtnEsemy1CupEBzg",
                "type": "Transfer",
                "updatedAt": "2018-10-28T21:00:12.906Z",
              },
              Object {
                "__v": 0,
                "_id": "5bd6235c1f0a0b22ba490e74",
                "amount": 1,
                "assetName": "HuobiToken",
                "block": Object {
                  "hash": "CF4C6BD1C29061795B786B39500E1BD079E4B69DF16D18CC0EDFBAB07FCD7047",
                  "number": 3602899,
                  "parentHash": "000000000036F9D2CE7EBCD36D09521E5180D88A0F78BC5AC2B0917ACF7F3EC9",
                  "witnessId": 0,
                },
                "contractType": 1,
                "createdAt": "2018-10-28T21:00:12.906Z",
                "data": "",
                "hash": "585b4eb98558ece358e2674e47eb893e94567022774ede66161213f38261eb9e",
                "ownerAddress": "TKjdnbJxP4yHeLTHZ86DGnFFY6QhTjuBv2",
                "time": 1540760407098,
                "toAddress": "TEudeMDDqGmtcrzE9NNtnEsemy1CupEBzg",
                "type": "Transfer",
                "updatedAt": "2018-10-28T21:00:12.906Z",
              },
              Object {
                "__v": 0,
                "_id": "5bd6235c1f0a0b22ba490e70",
                "amount": 1,
                "assetName": "IPFS",
                "block": Object {
                  "hash": "CF4C6BD1C29061795B786B39500E1BD079E4B69DF16D18CC0EDFBAB07FCD7047",
                  "number": 3602899,
                  "parentHash": "000000000036F9D2CE7EBCD36D09521E5180D88A0F78BC5AC2B0917ACF7F3EC9",
                  "witnessId": 0,
                },
                "contractType": 1,
                "createdAt": "2018-10-28T21:00:12.906Z",
                "data": "",
                "hash": "8dd16e9de9c91c6b9651e8abb98a0ff069932f54b6c6857882ab239e520f4a03",
                "ownerAddress": "TV3NmH1enpu4X5Hur8Z16eCyNymTqKXQDP",
                "time": 1540760406794,
                "toAddress": "TEudeMDDqGmtcrzE9NNtnEsemy1CupEBzg",
                "type": "Transfer",
                "updatedAt": "2018-10-28T21:00:12.906Z",
              },
              Object {
                "__v": 0,
                "_id": "5bd623531f0a0b22ba490e5c",
                "amount": 1,
                "assetName": "GEMS",
                "block": Object {
                  "hash": "A2541E887493323A35400F69FDFE702B949BB1BB674E12C170FE3AA81ECE9206",
                  "number": 3602896,
                  "parentHash": "000000000036F9CF6ACCF6F7E4B98BCB37FD73B0C2FB072EE904AE51C6FC4275",
                  "witnessId": 0,
                },
                "contractType": 1,
                "createdAt": "2018-10-28T21:00:03.892Z",
                "data": " Sent with @TronWalletMe",
                "hash": "86d50a6b2bc40ebe63755d77d9cde1b06a6e34f8d563d99151131550422270b1",
                "ownerAddress": "TEudeMDDqGmtcrzE9NNtnEsemy1CupEBzg",
                "time": 562453191771,
                "toAddress": "TLVbzuu9uAELN8PCCJPiTCFFVPHdXiB3Nj",
                "type": "Transfer",
                "updatedAt": "2018-10-28T21:00:03.892Z",
              },
              Object {
                "__v": 0,
                "_id": "5bd623351f0a0b22ba490e42",
                "amount": 1000000,
                "assetName": "GEMS",
                "block": Object {
                  "hash": "234B887A3427C6F38B5F62100D61BC1690644871DD45D948073F2AFD671ACB6E",
                  "number": 3602886,
                  "parentHash": "000000000036F9C5B0E6F428AA38300BE1DD7C60C7F87F68357A3CCBBC9929D1",
                  "witnessId": 0,
                },
                "contractType": 9,
                "createdAt": "2018-10-28T20:59:33.857Z",
                "data": " Sent with @TronWalletMe",
                "hash": "550eb30baf1c6cf923e2e91494a263a0636d61b1a1c327f904176c51c5def88a",
                "ownerAddress": "TEudeMDDqGmtcrzE9NNtnEsemy1CupEBzg",
                "time": 562453165472,
                "toAddress": "TJDHitLbnALRmisJKUXTzW2ZcJRSPR3xfq",
                "type": "Participate",
                "updatedAt": "2018-10-28T20:59:33.857Z",
              },
              Object {
                "__v": 0,
                "_id": "5bd622641f0a0b22ba490cfb",
                "amount": 10000000,
                "block": Object {
                  "hash": "51166B8400ECB794271FB8496B5AA2A669C392412FE5782FE7B62A3424EA2251",
                  "number": 3602816,
                  "parentHash": "000000000036F97F60522BE1A960CCE38BBE6CA30440D049C9714423C012522D",
                  "witnessId": 0,
                },
                "contractType": 1,
                "createdAt": "2018-10-28T20:56:04.668Z",
                "data": " Sent with @TronWalletMe",
                "hash": "8b4f3af7616b65e75d555a5615bf97a472d89ac36fe1c891dc191694f8c239ae",
                "ownerAddress": "TLVbzuu9uAELN8PCCJPiTCFFVPHdXiB3Nj",
                "time": 1540760147152,
                "toAddress": "TEudeMDDqGmtcrzE9NNtnEsemy1CupEBzg",
                "type": "Transfer",
                "updatedAt": "2018-10-28T20:56:04.668Z",
              },
            ]
          }
          disableVirtualization={false}
          horizontal={false}
          initialNumToRender={10}
          keyExtractor={[Function]}
          maxToRenderPerBatch={10}
          numColumns={1}
          onEndReached={[Function]}
          onEndReachedThreshold={0.75}
          removeClippedSubviews={false}
          renderItem={[Function]}
          scrollEventThrottle={50}
          updateCellsBatchingPeriod={50}
          windowSize={21}
        />,
      ],
    },
    "ref": null,
    "rendered": Array [
      Object {
        "instance": null,
        "key": undefined,
        "nodeType": "class",
        "props": Object {
          "leftButton": <SyncButton
            loading={true}
            onPress={[Function]}
          />,
          "title": "transactions.title",
        },
        "ref": null,
        "rendered": null,
        "type": [Function],
      },
      Object {
        "instance": null,
        "key": undefined,
        "nodeType": "class",
        "props": Object {
          "ListEmptyComponent": <Empty
            loading={true}
          />,
          "ListHeaderComponent": [Function],
          "data": Array [
            Object {
              "__v": 0,
              "_id": "5bd6239b1f0a0b22ba49101b",
              "block": Object {
                "hash": "79449C2E34CEFC3A9AFDC45281049971370B38C2E985EB99B65EEBC1FC1751CF",
                "number": 3602920,
                "parentHash": "000000000036F9E7665918E22475FB8900198BCF9FA47BA429C8BC5E536CD8F2",
                "witnessId": 0,
              },
              "contractType": 4,
              "createdAt": "2018-10-28T21:01:15.974Z",
              "data": " Sent with @TronWalletMe",
              "hash": "66926d060aa3c007fa964f551a4aabac4735fcaf10026f5eb52c3e9353896245",
              "ownerAddress": "TEudeMDDqGmtcrzE9NNtnEsemy1CupEBzg",
              "support": false,
              "time": 562453267152,
              "type": "Vote",
              "updatedAt": "2018-10-28T21:01:15.974Z",
              "votesList": Array [
                Object {
                  "voteAddress": "TE7hnUtWRRBz3SkFrX8JESWUmEvxxAhoPt",
                  "voteCount": 5,
                },
              ],
            },
            Object {
              "__v": 0,
              "_id": "5bd6236e1f0a0b22ba490f1c",
              "block": Object {
                "hash": "7E64D1DE3865E7C68C4AC7B1F750C87DCE4E892F63D29C40740CAAD1821A32BE",
                "number": 3602905,
                "parentHash": "000000000036F9D827A1F4DF31674FA27663EB34EBA1C6634E116B109D9A0C6B",
                "witnessId": 0,
              },
              "contractType": 11,
              "createdAt": "2018-10-28T21:00:30.930Z",
              "data": " Sent with @TronWalletMe",
              "frozenBalance": 5000000,
              "frozenDuration": 3,
              "hash": "4b0bedff10c5435d665f61849ed15d7823b77428de16cf1f92865155903d86c4",
              "ownerAddress": "TEudeMDDqGmtcrzE9NNtnEsemy1CupEBzg",
              "resource": 0,
              "time": 562453221703,
              "type": "Freeze",
              "updatedAt": "2018-10-28T21:00:30.930Z",
            },
            Object {
              "__v": 0,
              "_id": "5bd6235c1f0a0b22ba490e66",
              "amount": 1,
              "assetName": "NBACoin",
              "block": Object {
                "hash": "CF4C6BD1C29061795B786B39500E1BD079E4B69DF16D18CC0EDFBAB07FCD7047",
                "number": 3602899,
                "parentHash": "000000000036F9D2CE7EBCD36D09521E5180D88A0F78BC5AC2B0917ACF7F3EC9",
                "witnessId": 0,
              },
              "contractType": 1,
              "createdAt": "2018-10-28T21:00:12.906Z",
              "data": "",
              "hash": "a7e4f1ec64b7919d6bc4a191e9a7d1a94ef12f4ef6a0eba7b7f647ab2e57331f",
              "ownerAddress": "TBHq3S4A8gyZnaa7dXF7TzXDsP2rkU1pqa",
              "time": 1540760406560,
              "toAddress": "TEudeMDDqGmtcrzE9NNtnEsemy1CupEBzg",
              "type": "Transfer",
              "updatedAt": "2018-10-28T21:00:12.906Z",
            },
            Object {
              "__v": 0,
              "_id": "5bd6235c1f0a0b22ba490e74",
              "amount": 1,
              "assetName": "HuobiToken",
              "block": Object {
                "hash": "CF4C6BD1C29061795B786B39500E1BD079E4B69DF16D18CC0EDFBAB07FCD7047",
                "number": 3602899,
                "parentHash": "000000000036F9D2CE7EBCD36D09521E5180D88A0F78BC5AC2B0917ACF7F3EC9",
                "witnessId": 0,
              },
              "contractType": 1,
              "createdAt": "2018-10-28T21:00:12.906Z",
              "data": "",
              "hash": "585b4eb98558ece358e2674e47eb893e94567022774ede66161213f38261eb9e",
              "ownerAddress": "TKjdnbJxP4yHeLTHZ86DGnFFY6QhTjuBv2",
              "time": 1540760407098,
              "toAddress": "TEudeMDDqGmtcrzE9NNtnEsemy1CupEBzg",
              "type": "Transfer",
              "updatedAt": "2018-10-28T21:00:12.906Z",
            },
            Object {
              "__v": 0,
              "_id": "5bd6235c1f0a0b22ba490e70",
              "amount": 1,
              "assetName": "IPFS",
              "block": Object {
                "hash": "CF4C6BD1C29061795B786B39500E1BD079E4B69DF16D18CC0EDFBAB07FCD7047",
                "number": 3602899,
                "parentHash": "000000000036F9D2CE7EBCD36D09521E5180D88A0F78BC5AC2B0917ACF7F3EC9",
                "witnessId": 0,
              },
              "contractType": 1,
              "createdAt": "2018-10-28T21:00:12.906Z",
              "data": "",
              "hash": "8dd16e9de9c91c6b9651e8abb98a0ff069932f54b6c6857882ab239e520f4a03",
              "ownerAddress": "TV3NmH1enpu4X5Hur8Z16eCyNymTqKXQDP",
              "time": 1540760406794,
              "toAddress": "TEudeMDDqGmtcrzE9NNtnEsemy1CupEBzg",
              "type": "Transfer",
              "updatedAt": "2018-10-28T21:00:12.906Z",
            },
            Object {
              "__v": 0,
              "_id": "5bd623531f0a0b22ba490e5c",
              "amount": 1,
              "assetName": "GEMS",
              "block": Object {
                "hash": "A2541E887493323A35400F69FDFE702B949BB1BB674E12C170FE3AA81ECE9206",
                "number": 3602896,
                "parentHash": "000000000036F9CF6ACCF6F7E4B98BCB37FD73B0C2FB072EE904AE51C6FC4275",
                "witnessId": 0,
              },
              "contractType": 1,
              "createdAt": "2018-10-28T21:00:03.892Z",
              "data": " Sent with @TronWalletMe",
              "hash": "86d50a6b2bc40ebe63755d77d9cde1b06a6e34f8d563d99151131550422270b1",
              "ownerAddress": "TEudeMDDqGmtcrzE9NNtnEsemy1CupEBzg",
              "time": 562453191771,
              "toAddress": "TLVbzuu9uAELN8PCCJPiTCFFVPHdXiB3Nj",
              "type": "Transfer",
              "updatedAt": "2018-10-28T21:00:03.892Z",
            },
            Object {
              "__v": 0,
              "_id": "5bd623351f0a0b22ba490e42",
              "amount": 1000000,
              "assetName": "GEMS",
              "block": Object {
                "hash": "234B887A3427C6F38B5F62100D61BC1690644871DD45D948073F2AFD671ACB6E",
                "number": 3602886,
                "parentHash": "000000000036F9C5B0E6F428AA38300BE1DD7C60C7F87F68357A3CCBBC9929D1",
                "witnessId": 0,
              },
              "contractType": 9,
              "createdAt": "2018-10-28T20:59:33.857Z",
              "data": " Sent with @TronWalletMe",
              "hash": "550eb30baf1c6cf923e2e91494a263a0636d61b1a1c327f904176c51c5def88a",
              "ownerAddress": "TEudeMDDqGmtcrzE9NNtnEsemy1CupEBzg",
              "time": 562453165472,
              "toAddress": "TJDHitLbnALRmisJKUXTzW2ZcJRSPR3xfq",
              "type": "Participate",
              "updatedAt": "2018-10-28T20:59:33.857Z",
            },
            Object {
              "__v": 0,
              "_id": "5bd622641f0a0b22ba490cfb",
              "amount": 10000000,
              "block": Object {
                "hash": "51166B8400ECB794271FB8496B5AA2A669C392412FE5782FE7B62A3424EA2251",
                "number": 3602816,
                "parentHash": "000000000036F97F60522BE1A960CCE38BBE6CA30440D049C9714423C012522D",
                "witnessId": 0,
              },
              "contractType": 1,
              "createdAt": "2018-10-28T20:56:04.668Z",
              "data": " Sent with @TronWalletMe",
              "hash": "8b4f3af7616b65e75d555a5615bf97a472d89ac36fe1c891dc191694f8c239ae",
              "ownerAddress": "TLVbzuu9uAELN8PCCJPiTCFFVPHdXiB3Nj",
              "time": 1540760147152,
              "toAddress": "TEudeMDDqGmtcrzE9NNtnEsemy1CupEBzg",
              "type": "Transfer",
              "updatedAt": "2018-10-28T20:56:04.668Z",
            },
          ],
          "disableVirtualization": false,
          "horizontal": false,
          "initialNumToRender": 10,
          "keyExtractor": [Function],
          "maxToRenderPerBatch": 10,
          "numColumns": 1,
          "onEndReached": [Function],
          "onEndReachedThreshold": 0.75,
          "removeClippedSubviews": false,
          "renderItem": [Function],
          "scrollEventThrottle": 50,
          "updateCellsBatchingPeriod": 50,
          "windowSize": 21,
        },
        "ref": null,
        "rendered": null,
        "type": [Function],
      },
    ],
    "type": [Function],
  },
  Symbol(enzyme.__nodes__): Array [
    Object {
      "instance": null,
      "key": undefined,
      "nodeType": "class",
      "props": Object {
        "children": Array [
          <NavigationHeader
            leftButton={
              <SyncButton
                loading={true}
                onPress={[Function]}
              />
            }
            title="transactions.title"
          />,
          <FlatList
            ListEmptyComponent={
              <Empty
                loading={true}
              />
            }
            ListHeaderComponent={[Function]}
            data={
              Array [
                Object {
                  "__v": 0,
                  "_id": "5bd6239b1f0a0b22ba49101b",
                  "block": Object {
                    "hash": "79449C2E34CEFC3A9AFDC45281049971370B38C2E985EB99B65EEBC1FC1751CF",
                    "number": 3602920,
                    "parentHash": "000000000036F9E7665918E22475FB8900198BCF9FA47BA429C8BC5E536CD8F2",
                    "witnessId": 0,
                  },
                  "contractType": 4,
                  "createdAt": "2018-10-28T21:01:15.974Z",
                  "data": " Sent with @TronWalletMe",
                  "hash": "66926d060aa3c007fa964f551a4aabac4735fcaf10026f5eb52c3e9353896245",
                  "ownerAddress": "TEudeMDDqGmtcrzE9NNtnEsemy1CupEBzg",
                  "support": false,
                  "time": 562453267152,
                  "type": "Vote",
                  "updatedAt": "2018-10-28T21:01:15.974Z",
                  "votesList": Array [
                    Object {
                      "voteAddress": "TE7hnUtWRRBz3SkFrX8JESWUmEvxxAhoPt",
                      "voteCount": 5,
                    },
                  ],
                },
                Object {
                  "__v": 0,
                  "_id": "5bd6236e1f0a0b22ba490f1c",
                  "block": Object {
                    "hash": "7E64D1DE3865E7C68C4AC7B1F750C87DCE4E892F63D29C40740CAAD1821A32BE",
                    "number": 3602905,
                    "parentHash": "000000000036F9D827A1F4DF31674FA27663EB34EBA1C6634E116B109D9A0C6B",
                    "witnessId": 0,
                  },
                  "contractType": 11,
                  "createdAt": "2018-10-28T21:00:30.930Z",
                  "data": " Sent with @TronWalletMe",
                  "frozenBalance": 5000000,
                  "frozenDuration": 3,
                  "hash": "4b0bedff10c5435d665f61849ed15d7823b77428de16cf1f92865155903d86c4",
                  "ownerAddress": "TEudeMDDqGmtcrzE9NNtnEsemy1CupEBzg",
                  "resource": 0,
                  "time": 562453221703,
                  "type": "Freeze",
                  "updatedAt": "2018-10-28T21:00:30.930Z",
                },
                Object {
                  "__v": 0,
                  "_id": "5bd6235c1f0a0b22ba490e66",
                  "amount": 1,
                  "assetName": "NBACoin",
                  "block": Object {
                    "hash": "CF4C6BD1C29061795B786B39500E1BD079E4B69DF16D18CC0EDFBAB07FCD7047",
                    "number": 3602899,
                    "parentHash": "000000000036F9D2CE7EBCD36D09521E5180D88A0F78BC5AC2B0917ACF7F3EC9",
                    "witnessId": 0,
                  },
                  "contractType": 1,
                  "createdAt": "2018-10-28T21:00:12.906Z",
                  "data": "",
                  "hash": "a7e4f1ec64b7919d6bc4a191e9a7d1a94ef12f4ef6a0eba7b7f647ab2e57331f",
                  "ownerAddress": "TBHq3S4A8gyZnaa7dXF7TzXDsP2rkU1pqa",
                  "time": 1540760406560,
                  "toAddress": "TEudeMDDqGmtcrzE9NNtnEsemy1CupEBzg",
                  "type": "Transfer",
                  "updatedAt": "2018-10-28T21:00:12.906Z",
                },
                Object {
                  "__v": 0,
                  "_id": "5bd6235c1f0a0b22ba490e74",
                  "amount": 1,
                  "assetName": "HuobiToken",
                  "block": Object {
                    "hash": "CF4C6BD1C29061795B786B39500E1BD079E4B69DF16D18CC0EDFBAB07FCD7047",
                    "number": 3602899,
                    "parentHash": "000000000036F9D2CE7EBCD36D09521E5180D88A0F78BC5AC2B0917ACF7F3EC9",
                    "witnessId": 0,
                  },
                  "contractType": 1,
                  "createdAt": "2018-10-28T21:00:12.906Z",
                  "data": "",
                  "hash": "585b4eb98558ece358e2674e47eb893e94567022774ede66161213f38261eb9e",
                  "ownerAddress": "TKjdnbJxP4yHeLTHZ86DGnFFY6QhTjuBv2",
                  "time": 1540760407098,
                  "toAddress": "TEudeMDDqGmtcrzE9NNtnEsemy1CupEBzg",
                  "type": "Transfer",
                  "updatedAt": "2018-10-28T21:00:12.906Z",
                },
                Object {
                  "__v": 0,
                  "_id": "5bd6235c1f0a0b22ba490e70",
                  "amount": 1,
                  "assetName": "IPFS",
                  "block": Object {
                    "hash": "CF4C6BD1C29061795B786B39500E1BD079E4B69DF16D18CC0EDFBAB07FCD7047",
                    "number": 3602899,
                    "parentHash": "000000000036F9D2CE7EBCD36D09521E5180D88A0F78BC5AC2B0917ACF7F3EC9",
                    "witnessId": 0,
                  },
                  "contractType": 1,
                  "createdAt": "2018-10-28T21:00:12.906Z",
                  "data": "",
                  "hash": "8dd16e9de9c91c6b9651e8abb98a0ff069932f54b6c6857882ab239e520f4a03",
                  "ownerAddress": "TV3NmH1enpu4X5Hur8Z16eCyNymTqKXQDP",
                  "time": 1540760406794,
                  "toAddress": "TEudeMDDqGmtcrzE9NNtnEsemy1CupEBzg",
                  "type": "Transfer",
                  "updatedAt": "2018-10-28T21:00:12.906Z",
                },
                Object {
                  "__v": 0,
                  "_id": "5bd623531f0a0b22ba490e5c",
                  "amount": 1,
                  "assetName": "GEMS",
                  "block": Object {
                    "hash": "A2541E887493323A35400F69FDFE702B949BB1BB674E12C170FE3AA81ECE9206",
                    "number": 3602896,
                    "parentHash": "000000000036F9CF6ACCF6F7E4B98BCB37FD73B0C2FB072EE904AE51C6FC4275",
                    "witnessId": 0,
                  },
                  "contractType": 1,
                  "createdAt": "2018-10-28T21:00:03.892Z",
                  "data": " Sent with @TronWalletMe",
                  "hash": "86d50a6b2bc40ebe63755d77d9cde1b06a6e34f8d563d99151131550422270b1",
                  "ownerAddress": "TEudeMDDqGmtcrzE9NNtnEsemy1CupEBzg",
                  "time": 562453191771,
                  "toAddress": "TLVbzuu9uAELN8PCCJPiTCFFVPHdXiB3Nj",
                  "type": "Transfer",
                  "updatedAt": "2018-10-28T21:00:03.892Z",
                },
                Object {
                  "__v": 0,
                  "_id": "5bd623351f0a0b22ba490e42",
                  "amount": 1000000,
                  "assetName": "GEMS",
                  "block": Object {
                    "hash": "234B887A3427C6F38B5F62100D61BC1690644871DD45D948073F2AFD671ACB6E",
                    "number": 3602886,
                    "parentHash": "000000000036F9C5B0E6F428AA38300BE1DD7C60C7F87F68357A3CCBBC9929D1",
                    "witnessId": 0,
                  },
                  "contractType": 9,
                  "createdAt": "2018-10-28T20:59:33.857Z",
                  "data": " Sent with @TronWalletMe",
                  "hash": "550eb30baf1c6cf923e2e91494a263a0636d61b1a1c327f904176c51c5def88a",
                  "ownerAddress": "TEudeMDDqGmtcrzE9NNtnEsemy1CupEBzg",
                  "time": 562453165472,
                  "toAddress": "TJDHitLbnALRmisJKUXTzW2ZcJRSPR3xfq",
                  "type": "Participate",
                  "updatedAt": "2018-10-28T20:59:33.857Z",
                },
                Object {
                  "__v": 0,
                  "_id": "5bd622641f0a0b22ba490cfb",
                  "amount": 10000000,
                  "block": Object {
                    "hash": "51166B8400ECB794271FB8496B5AA2A669C392412FE5782FE7B62A3424EA2251",
                    "number": 3602816,
                    "parentHash": "000000000036F97F60522BE1A960CCE38BBE6CA30440D049C9714423C012522D",
                    "witnessId": 0,
                  },
                  "contractType": 1,
                  "createdAt": "2018-10-28T20:56:04.668Z",
                  "data": " Sent with @TronWalletMe",
                  "hash": "8b4f3af7616b65e75d555a5615bf97a472d89ac36fe1c891dc191694f8c239ae",
                  "ownerAddress": "TLVbzuu9uAELN8PCCJPiTCFFVPHdXiB3Nj",
                  "time": 1540760147152,
                  "toAddress": "TEudeMDDqGmtcrzE9NNtnEsemy1CupEBzg",
                  "type": "Transfer",
                  "updatedAt": "2018-10-28T20:56:04.668Z",
                },
              ]
            }
            disableVirtualization={false}
            horizontal={false}
            initialNumToRender={10}
            keyExtractor={[Function]}
            maxToRenderPerBatch={10}
            numColumns={1}
            onEndReached={[Function]}
            onEndReachedThreshold={0.75}
            removeClippedSubviews={false}
            renderItem={[Function]}
            scrollEventThrottle={50}
            updateCellsBatchingPeriod={50}
            windowSize={21}
          />,
        ],
      },
      "ref": null,
      "rendered": Array [
        Object {
          "instance": null,
          "key": undefined,
          "nodeType": "class",
          "props": Object {
            "leftButton": <SyncButton
              loading={true}
              onPress={[Function]}
            />,
            "title": "transactions.title",
          },
          "ref": null,
          "rendered": null,
          "type": [Function],
        },
        Object {
          "instance": null,
          "key": undefined,
          "nodeType": "class",
          "props": Object {
            "ListEmptyComponent": <Empty
              loading={true}
            />,
            "ListHeaderComponent": [Function],
            "data": Array [
              Object {
                "__v": 0,
                "_id": "5bd6239b1f0a0b22ba49101b",
                "block": Object {
                  "hash": "79449C2E34CEFC3A9AFDC45281049971370B38C2E985EB99B65EEBC1FC1751CF",
                  "number": 3602920,
                  "parentHash": "000000000036F9E7665918E22475FB8900198BCF9FA47BA429C8BC5E536CD8F2",
                  "witnessId": 0,
                },
                "contractType": 4,
                "createdAt": "2018-10-28T21:01:15.974Z",
                "data": " Sent with @TronWalletMe",
                "hash": "66926d060aa3c007fa964f551a4aabac4735fcaf10026f5eb52c3e9353896245",
                "ownerAddress": "TEudeMDDqGmtcrzE9NNtnEsemy1CupEBzg",
                "support": false,
                "time": 562453267152,
                "type": "Vote",
                "updatedAt": "2018-10-28T21:01:15.974Z",
                "votesList": Array [
                  Object {
                    "voteAddress": "TE7hnUtWRRBz3SkFrX8JESWUmEvxxAhoPt",
                    "voteCount": 5,
                  },
                ],
              },
              Object {
                "__v": 0,
                "_id": "5bd6236e1f0a0b22ba490f1c",
                "block": Object {
                  "hash": "7E64D1DE3865E7C68C4AC7B1F750C87DCE4E892F63D29C40740CAAD1821A32BE",
                  "number": 3602905,
                  "parentHash": "000000000036F9D827A1F4DF31674FA27663EB34EBA1C6634E116B109D9A0C6B",
                  "witnessId": 0,
                },
                "contractType": 11,
                "createdAt": "2018-10-28T21:00:30.930Z",
                "data": " Sent with @TronWalletMe",
                "frozenBalance": 5000000,
                "frozenDuration": 3,
                "hash": "4b0bedff10c5435d665f61849ed15d7823b77428de16cf1f92865155903d86c4",
                "ownerAddress": "TEudeMDDqGmtcrzE9NNtnEsemy1CupEBzg",
                "resource": 0,
                "time": 562453221703,
                "type": "Freeze",
                "updatedAt": "2018-10-28T21:00:30.930Z",
              },
              Object {
                "__v": 0,
                "_id": "5bd6235c1f0a0b22ba490e66",
                "amount": 1,
                "assetName": "NBACoin",
                "block": Object {
                  "hash": "CF4C6BD1C29061795B786B39500E1BD079E4B69DF16D18CC0EDFBAB07FCD7047",
                  "number": 3602899,
                  "parentHash": "000000000036F9D2CE7EBCD36D09521E5180D88A0F78BC5AC2B0917ACF7F3EC9",
                  "witnessId": 0,
                },
                "contractType": 1,
                "createdAt": "2018-10-28T21:00:12.906Z",
                "data": "",
                "hash": "a7e4f1ec64b7919d6bc4a191e9a7d1a94ef12f4ef6a0eba7b7f647ab2e57331f",
                "ownerAddress": "TBHq3S4A8gyZnaa7dXF7TzXDsP2rkU1pqa",
                "time": 1540760406560,
                "toAddress": "TEudeMDDqGmtcrzE9NNtnEsemy1CupEBzg",
                "type": "Transfer",
                "updatedAt": "2018-10-28T21:00:12.906Z",
              },
              Object {
                "__v": 0,
                "_id": "5bd6235c1f0a0b22ba490e74",
                "amount": 1,
                "assetName": "HuobiToken",
                "block": Object {
                  "hash": "CF4C6BD1C29061795B786B39500E1BD079E4B69DF16D18CC0EDFBAB07FCD7047",
                  "number": 3602899,
                  "parentHash": "000000000036F9D2CE7EBCD36D09521E5180D88A0F78BC5AC2B0917ACF7F3EC9",
                  "witnessId": 0,
                },
                "contractType": 1,
                "createdAt": "2018-10-28T21:00:12.906Z",
                "data": "",
                "hash": "585b4eb98558ece358e2674e47eb893e94567022774ede66161213f38261eb9e",
                "ownerAddress": "TKjdnbJxP4yHeLTHZ86DGnFFY6QhTjuBv2",
                "time": 1540760407098,
                "toAddress": "TEudeMDDqGmtcrzE9NNtnEsemy1CupEBzg",
                "type": "Transfer",
                "updatedAt": "2018-10-28T21:00:12.906Z",
              },
              Object {
                "__v": 0,
                "_id": "5bd6235c1f0a0b22ba490e70",
                "amount": 1,
                "assetName": "IPFS",
                "block": Object {
                  "hash": "CF4C6BD1C29061795B786B39500E1BD079E4B69DF16D18CC0EDFBAB07FCD7047",
                  "number": 3602899,
                  "parentHash": "000000000036F9D2CE7EBCD36D09521E5180D88A0F78BC5AC2B0917ACF7F3EC9",
                  "witnessId": 0,
                },
                "contractType": 1,
                "createdAt": "2018-10-28T21:00:12.906Z",
                "data": "",
                "hash": "8dd16e9de9c91c6b9651e8abb98a0ff069932f54b6c6857882ab239e520f4a03",
                "ownerAddress": "TV3NmH1enpu4X5Hur8Z16eCyNymTqKXQDP",
                "time": 1540760406794,
                "toAddress": "TEudeMDDqGmtcrzE9NNtnEsemy1CupEBzg",
                "type": "Transfer",
                "updatedAt": "2018-10-28T21:00:12.906Z",
              },
              Object {
                "__v": 0,
                "_id": "5bd623531f0a0b22ba490e5c",
                "amount": 1,
                "assetName": "GEMS",
                "block": Object {
                  "hash": "A2541E887493323A35400F69FDFE702B949BB1BB674E12C170FE3AA81ECE9206",
                  "number": 3602896,
                  "parentHash": "000000000036F9CF6ACCF6F7E4B98BCB37FD73B0C2FB072EE904AE51C6FC4275",
                  "witnessId": 0,
                },
                "contractType": 1,
                "createdAt": "2018-10-28T21:00:03.892Z",
                "data": " Sent with @TronWalletMe",
                "hash": "86d50a6b2bc40ebe63755d77d9cde1b06a6e34f8d563d99151131550422270b1",
                "ownerAddress": "TEudeMDDqGmtcrzE9NNtnEsemy1CupEBzg",
                "time": 562453191771,
                "toAddress": "TLVbzuu9uAELN8PCCJPiTCFFVPHdXiB3Nj",
                "type": "Transfer",
                "updatedAt": "2018-10-28T21:00:03.892Z",
              },
              Object {
                "__v": 0,
                "_id": "5bd623351f0a0b22ba490e42",
                "amount": 1000000,
                "assetName": "GEMS",
                "block": Object {
                  "hash": "234B887A3427C6F38B5F62100D61BC1690644871DD45D948073F2AFD671ACB6E",
                  "number": 3602886,
                  "parentHash": "000000000036F9C5B0E6F428AA38300BE1DD7C60C7F87F68357A3CCBBC9929D1",
                  "witnessId": 0,
                },
                "contractType": 9,
                "createdAt": "2018-10-28T20:59:33.857Z",
                "data": " Sent with @TronWalletMe",
                "hash": "550eb30baf1c6cf923e2e91494a263a0636d61b1a1c327f904176c51c5def88a",
                "ownerAddress": "TEudeMDDqGmtcrzE9NNtnEsemy1CupEBzg",
                "time": 562453165472,
                "toAddress": "TJDHitLbnALRmisJKUXTzW2ZcJRSPR3xfq",
                "type": "Participate",
                "updatedAt": "2018-10-28T20:59:33.857Z",
              },
              Object {
                "__v": 0,
                "_id": "5bd622641f0a0b22ba490cfb",
                "amount": 10000000,
                "block": Object {
                  "hash": "51166B8400ECB794271FB8496B5AA2A669C392412FE5782FE7B62A3424EA2251",
                  "number": 3602816,
                  "parentHash": "000000000036F97F60522BE1A960CCE38BBE6CA30440D049C9714423C012522D",
                  "witnessId": 0,
                },
                "contractType": 1,
                "createdAt": "2018-10-28T20:56:04.668Z",
                "data": " Sent with @TronWalletMe",
                "hash": "8b4f3af7616b65e75d555a5615bf97a472d89ac36fe1c891dc191694f8c239ae",
                "ownerAddress": "TLVbzuu9uAELN8PCCJPiTCFFVPHdXiB3Nj",
                "time": 1540760147152,
                "toAddress": "TEudeMDDqGmtcrzE9NNtnEsemy1CupEBzg",
                "type": "Transfer",
                "updatedAt": "2018-10-28T20:56:04.668Z",
              },
            ],
            "disableVirtualization": false,
            "horizontal": false,
            "initialNumToRender": 10,
            "keyExtractor": [Function],
            "maxToRenderPerBatch": 10,
            "numColumns": 1,
            "onEndReached": [Function],
            "onEndReachedThreshold": 0.75,
            "removeClippedSubviews": false,
            "renderItem": [Function],
            "scrollEventThrottle": 50,
            "updateCellsBatchingPeriod": 50,
            "windowSize": 21,
          },
          "ref": null,
          "rendered": null,
          "type": [Function],
        },
      ],
      "type": [Function],
    },
  ],
  Symbol(enzyme.__options__): Object {
    "adapter": ReactSixteenThreeAdapter {
      "options": Object {
        "enableComponentDidUpdateOnSetState": true,
        "lifecycles": Object {
          "componentDidUpdate": Object {
            "onSetState": true,
          },
          "getDerivedStateFromProps": true,
          "getSnapshotBeforeUpdate": true,
          "setState": Object {
            "skipsComponentDidUpdateOnNullish": true,
          },
        },
      },
    },
    "disableLifecycleMethods": true,
  },
}
`;
